[2025-10-21 19:47:02+0300] [INFO] Starting model server on 38629 for llama_dual
[2025-10-21 19:47:02+0300] [INFO] which python: /usr/bin/python
[2025-10-21 19:47:02+0300] [INFO] which uvicorn (module run will be used): 
[2025-10-21 19:47:02+0300] [INFO] SLURM_JOB_GPUS=1 CUDA_VISIBLE_DEVICES=0
[2025-10-21 19:47:02+0300] [INFO] Uvicorn (srun step) PID: 929983
[2025-10-21 19:47:02+0300] [INFO] Waiting for model server health...
[2025-10-21 19:47:04+0300] [ERROR] srun/uvicorn died during startup.
[2025-10-21 19:47:04+0300] ========== DIAGNOSTICS (rc=1) ==========
Tue Oct 21 19:47:04 EEST 2025
JobID                   JobName      State ExitCode DerivedExitCode    Elapsed  Timelimit    ReqTRES  AllocTRES             NodeList                 End                         Reason        Comment 
------------ ------------------ ---------- -------- --------------- ---------- ---------- ---------- ---------- -------------------- ------------------- ------------------------------ -------------- 
220863               allocation    PENDING      0:0             1:0   00:00:02                                     dgxa100-ncit-wn02             Unknown                           None                
220863.batch              batch    RUNNING      0:0                   00:00:02                       cpu=1,gre+    dgxa100-ncit-wn02             Unknown                                               
220863.exte+             extern    RUNNING      0:0                   00:00:02                       billing=1+    dgxa100-ncit-wn02             Unknown                                               
220863.0                   bash     FAILED      1:0                   00:00:01                       cpu=1,gre+    dgxa100-ncit-wn02 2025-10-21T19:47:03                                               
JobId=220863 JobName=llama_dual
   UserId=ovidiu.ghibea(109059) GroupId=studfils(9016) MCS_label=N/A
   Priority=1 Nice=0 Account=student QOS=normal
   JobState=RUNNING Reason=None Dependency=(null)
   Requeue=0 Restarts=0 BatchFlag=1 Reboot=0 ExitCode=0:0
   DerivedExitCode=1:0
   RunTime=00:00:02 TimeLimit=12:00:00 TimeMin=N/A
   SubmitTime=2025-10-21T19:47:01 EligibleTime=2025-10-21T19:47:01
   AccrueTime=2025-10-21T19:47:01
   StartTime=2025-10-21T19:47:02 EndTime=2025-10-22T07:47:02 Deadline=N/A
   SuspendTime=None SecsPreSuspend=0 LastSchedEval=2025-10-21T19:47:02 Scheduler=Main
   Partition=dgxa100 AllocNode:Sid=0.0.0.0:10225
   ReqNodeList=dgxa100-ncit-wn02 ExcNodeList=(null)
   NodeList=dgxa100-ncit-wn02
   BatchHost=dgxa100-ncit-wn02
   NumNodes=1 NumCPUs=1 NumTasks=1 CPUs/Task=1 ReqB:S:C:T=0:0:*:*
   ReqTRES=cpu=1,mem=32G,node=1,billing=1,gres/gpu=1
   AllocTRES=cpu=1,mem=32G,node=1,billing=1,gres/gpu=1
   Socks/Node=* NtasksPerN:B:S:C=0:0:*:* CoreSpec=*
   JOB_GRES=gpu:tesla_a100:1
     Nodes=dgxa100-ncit-wn02 CPU_IDs=247 Mem=32768 GRES=gpu:tesla_a100:1(IDX:1)
   MinCPUsNode=4 MinMemoryNode=32G MinTmpDiskNode=0
   Features=(null) DelayBoot=00:00:00
   OverSubscribe=YES Contiguous=0 Licenses=(null) Network=(null)
   Command=/export/home/proiecte/aux/ovidiu.ghibea/Futural_WebApp/run_model_job_dual.sh
   WorkDir=/export/home/proiecte/aux/ovidiu.ghibea/Futural_WebApp
   StdErr=/export/home/proiecte/aux/ovidiu.ghibea/Futural_WebApp/logs/llama_dual/220863/llama_dual.err
   StdIn=/dev/null
   StdOut=/export/home/proiecte/aux/ovidiu.ghibea/Futural_WebApp/logs/llama_dual/220863/llama_dual.out
   TresPerNode=gres/gpu:tesla_a100:1
   

-- ps (uvicorn srun) --
    PID    PPID    PGID     ELAPSED STAT CMD
-- autossh tail --
[2025-10-21 19:47:04+0300] ========== END DIAGNOSTICS ==========
