autossh[1792188]: port set to 0, monitoring disabled
autossh[1792188]: checking for grace period, tries = 0
autossh[1792188]: starting ssh (count 1)
autossh[1792188]: ssh child pid is 1792189
autossh[1792188]: check on child 1792189
autossh[1792188]: clear alarm timer (0 secs left)
autossh[1792188]: set alarm for 600 secs
autossh[1792189]: child of 1792188 execing /usr/bin/ssh
OpenSSH_8.0p1, OpenSSL 1.1.1k  FIPS 25 Mar 2021
debug1: Reading configuration data /export/home/proiecte/aux/ovidiu.ghibea/.ssh/config
debug1: /export/home/proiecte/aux/ovidiu.ghibea/.ssh/config line 1: Applying options for cocos
debug1: Reading configuration data /etc/ssh/ssh_config
debug1: Reading configuration data /etc/ssh/ssh_config.d/05-redhat.conf
debug1: Reading configuration data /etc/crypto-policies/back-ends/openssh.config
debug1: configuration requests final Match pass
debug1: re-parsing configuration
debug1: Reading configuration data /export/home/proiecte/aux/ovidiu.ghibea/.ssh/config
debug1: Reading configuration data /etc/ssh/ssh_config
debug1: Reading configuration data /etc/ssh/ssh_config.d/05-redhat.conf
debug1: Reading configuration data /etc/crypto-policies/back-ends/openssh.config
debug1: Connecting to 141.85.248.2 [141.85.248.2] port 22.
debug1: Connection established.
debug1: identity file /export/home/proiecte/aux/ovidiu.ghibea/.ssh/id_rsa type 0
debug1: identity file /export/home/proiecte/aux/ovidiu.ghibea/.ssh/id_rsa-cert type -1
debug1: identity file /export/home/proiecte/aux/ovidiu.ghibea/.ssh/id_dsa type -1
debug1: identity file /export/home/proiecte/aux/ovidiu.ghibea/.ssh/id_dsa-cert type -1
debug1: identity file /export/home/proiecte/aux/ovidiu.ghibea/.ssh/id_ecdsa type -1
debug1: identity file /export/home/proiecte/aux/ovidiu.ghibea/.ssh/id_ecdsa-cert type -1
debug1: identity file /export/home/proiecte/aux/ovidiu.ghibea/.ssh/id_ed25519 type -1
debug1: identity file /export/home/proiecte/aux/ovidiu.ghibea/.ssh/id_ed25519-cert type -1
debug1: identity file /export/home/proiecte/aux/ovidiu.ghibea/.ssh/id_xmss type -1
debug1: identity file /export/home/proiecte/aux/ovidiu.ghibea/.ssh/id_xmss-cert type -1
debug1: Local version string SSH-2.0-OpenSSH_8.0
debug1: Remote protocol version 2.0, remote software version OpenSSH_6.6.1p1 Ubuntu-2ubuntu2.13
debug1: match: OpenSSH_6.6.1p1 Ubuntu-2ubuntu2.13 pat OpenSSH_6.6.1* compat 0x04000002
debug1: Authenticating to 141.85.248.2:22 as 'ovidiug'
debug1: SSH2_MSG_KEXINIT sent
debug1: SSH2_MSG_KEXINIT received
debug1: kex: algorithm: curve25519-sha256@libssh.org
debug1: kex: host key algorithm: ecdsa-sha2-nistp256
debug1: kex: server->client cipher: aes256-gcm@openssh.com MAC: <implicit> compression: none
debug1: kex: client->server cipher: aes256-gcm@openssh.com MAC: <implicit> compression: none
debug1: kex: curve25519-sha256@libssh.org need=32 dh_need=32
debug1: kex: curve25519-sha256@libssh.org need=32 dh_need=32
debug1: expecting SSH2_MSG_KEX_ECDH_REPLY
debug1: Server host key: ecdsa-sha2-nistp256 SHA256:2F52wkpuKvs3B45B3d6fAWia5pr9jaAoa3NSgP/ptlE
debug1: Host '141.85.248.2' is known and matches the ECDSA host key.
debug1: Found key in /export/home/proiecte/aux/ovidiu.ghibea/.ssh/known_hosts:1
debug1: rekey out after 4294967296 blocks
debug1: SSH2_MSG_NEWKEYS sent
debug1: expecting SSH2_MSG_NEWKEYS
debug1: SSH2_MSG_NEWKEYS received
debug1: rekey in after 4294967296 blocks
debug1: Will attempt key: /export/home/proiecte/aux/ovidiu.ghibea/.ssh/id_rsa RSA SHA256:XXtT10pTHgTIINXKAbgXVI0NeW712voQDfFWO6QH7wU
debug1: Will attempt key: /export/home/proiecte/aux/ovidiu.ghibea/.ssh/id_dsa 
debug1: Will attempt key: /export/home/proiecte/aux/ovidiu.ghibea/.ssh/id_ecdsa 
debug1: Will attempt key: /export/home/proiecte/aux/ovidiu.ghibea/.ssh/id_ed25519 
debug1: Will attempt key: /export/home/proiecte/aux/ovidiu.ghibea/.ssh/id_xmss 
debug1: SSH2_MSG_SERVICE_ACCEPT received
debug1: Authentications that can continue: publickey
debug1: Next authentication method: publickey
debug1: Offering public key: /export/home/proiecte/aux/ovidiu.ghibea/.ssh/id_rsa RSA SHA256:XXtT10pTHgTIINXKAbgXVI0NeW712voQDfFWO6QH7wU
debug1: Server accepts key: /export/home/proiecte/aux/ovidiu.ghibea/.ssh/id_rsa RSA SHA256:XXtT10pTHgTIINXKAbgXVI0NeW712voQDfFWO6QH7wU
debug1: Authentication succeeded (publickey).
Authenticated to 141.85.248.2 ([141.85.248.2]:22).
debug1: Remote connections from 0.0.0.0:23456 forwarded to local address 127.0.0.1:21460
debug1: Requesting no-more-sessions@openssh.com
debug1: Entering interactive session.
debug1: pledge: network
debug1: remote forward success for: listen 0.0.0.0:23456, connect 127.0.0.1:21460
debug1: All remote forwarding requests processed
autossh[1792188]: received SIGALRM (end-of-life 0)
autossh[1792188]: check on child 1792189
autossh[1792188]: clear alarm timer (0 secs left)
autossh[1792188]: set alarm for 600 secs
autossh[1792188]: received SIGALRM (end-of-life 0)
autossh[1792188]: check on child 1792189
autossh[1792188]: clear alarm timer (0 secs left)
autossh[1792188]: set alarm for 600 secs
