[2025-10-21 21:30:50+0300] [INFO] Parent shell python: /usr/bin/python
Python 3.6.8
[2025-10-21 21:30:50+0300] [INFO] Uvicorn (srun step) PID: 1257952
[2025-10-21 21:30:50+0300] [INFO] Waiting for model server health...
[SRUN] which python: /usr/bin/python
Python 3.6.8
[SRUN] import error: No module named 'typing_extensions'
[2025-10-21 21:30:52+0300] [ERROR] srun/uvicorn died during startup.
[2025-10-21 21:30:52+0300] ========== DIAGNOSTICS (rc=1) ==========
Tue Oct 21 21:30:52 EEST 2025
JobID                   JobName      State ExitCode DerivedExitCode    Elapsed  Timelimit    ReqTRES  AllocTRES             NodeList                 End                         Reason        Comment 
------------ ------------------ ---------- -------- --------------- ---------- ---------- ---------- ---------- -------------------- ------------------- ------------------------------ -------------- 
220891               llama_dual    RUNNING      0:0             1:0   00:00:03   12:00:00 billing=1+ billing=1+    dgxa100-ncit-wn02             Unknown                           None                
220891.batch              batch    RUNNING      0:0                   00:00:03                       cpu=1,gre+    dgxa100-ncit-wn02             Unknown                                               
220891.exte+             extern    RUNNING      0:0                   00:00:03                       billing=1+    dgxa100-ncit-wn02             Unknown                                               
220891.0                   bash     FAILED      1:0                   00:00:00                       cpu=1,gre+    dgxa100-ncit-wn02 2025-10-21T21:30:50                                               
JobId=220891 JobName=llama_dual
   UserId=ovidiu.ghibea(109059) GroupId=studfils(9016) MCS_label=N/A
   Priority=1 Nice=0 Account=student QOS=normal
   JobState=RUNNING Reason=None Dependency=(null)
   Requeue=0 Restarts=0 BatchFlag=1 Reboot=0 ExitCode=0:0
   DerivedExitCode=1:0
   RunTime=00:00:03 TimeLimit=12:00:00 TimeMin=N/A
   SubmitTime=2025-10-21T21:30:49 EligibleTime=2025-10-21T21:30:49
   AccrueTime=2025-10-21T21:30:49
   StartTime=2025-10-21T21:30:49 EndTime=2025-10-22T09:30:49 Deadline=N/A
   SuspendTime=None SecsPreSuspend=0 LastSchedEval=2025-10-21T21:30:49 Scheduler=Main
   Partition=dgxa100 AllocNode:Sid=0.0.0.0:36553
   ReqNodeList=dgxa100-ncit-wn02 ExcNodeList=(null)
   NodeList=dgxa100-ncit-wn02
   BatchHost=dgxa100-ncit-wn02
   NumNodes=1 NumCPUs=1 NumTasks=1 CPUs/Task=1 ReqB:S:C:T=0:0:*:*
   ReqTRES=cpu=1,mem=32G,node=1,billing=1,gres/gpu=1
   AllocTRES=cpu=1,mem=32G,node=1,billing=1,gres/gpu=1
   Socks/Node=* NtasksPerN:B:S:C=0:0:*:* CoreSpec=*
   JOB_GRES=gpu:tesla_a100:1
     Nodes=dgxa100-ncit-wn02 CPU_IDs=247 Mem=32768 GRES=gpu:tesla_a100:1(IDX:1)
   MinCPUsNode=4 MinMemoryNode=32G MinTmpDiskNode=0
   Features=(null) DelayBoot=00:00:00
   OverSubscribe=YES Contiguous=0 Licenses=(null) Network=(null)
   Command=/export/home/proiecte/aux/ovidiu.ghibea/Futural_WebApp/run_model_job_dual.sh
   WorkDir=/export/home/proiecte/aux/ovidiu.ghibea/Futural_WebApp
   StdErr=/export/home/proiecte/aux/ovidiu.ghibea/Futural_WebApp/logs/llama_dual/220891/llama_dual.err
   StdIn=/dev/null
   StdOut=/export/home/proiecte/aux/ovidiu.ghibea/Futural_WebApp/logs/llama_dual/220891/llama_dual.out
   TresPerNode=gres/gpu:tesla_a100:1
   

-- ps (uvicorn srun) --
    PID    PPID    PGID     ELAPSED STAT CMD
-- autossh tail --
[2025-10-21 21:30:52+0300] ========== END DIAGNOSTICS ==========
